"transmission.1.gpin", line 10: Can't plot with an empty x range!

