 operating system is UNIX !
 hostname is herrmann-ws8

 ridft (herrmann-ws8) : TURBOMOLE V7.1 ( 20661 ) 10 Jun 2016 at 08:56:48
 Copyright (C) 2016 TURBOMOLE GmbH, Karlsruhe


    2019-04-02 14:25:06.634 



                                  r i d f t

                        DFT program with RI approximation 
                                for coulomb part 




                                                 
                                 References:     
                                                 
          TURBOMOLE:                             
              R. Ahlrichs, M. Baer, M. Haeser, H. Horn, and
              C. Koelmel
              Electronic structure calculations on workstation
              computers: the program system TURBOMOLE
              Chem. Phys. Lett. 162: 165 (1989)
          Density Functional:                              
              O. Treutler and R. Ahlrichs                      
              Efficient Molecular Numerical Integration Schemes
              J. Chem. Phys. 102: 346 (1995)                   
          Parallel Version:                                
              Performance of parallel TURBOMOLE for Density    
              Functional Calculations                          
              M. v. Arnim and R. Ahlrichs                      
              J. Comp. Chem. 19: 1746 (1998)                   
          RI-J Method:                                     
              Auxiliary Basis Sets to approximate Coulomb      
              Potentials                                       
              Chem. Phys. Lett. 240: 283 (1995)                
              K. Eichkorn, O. Treutler, H. Oehm, M. Haeser     
              and R. Ahlrichs                                  
              Chem. Phys. Lett. 242: 652 (1995)                
                                                           
              Auxiliary Basis Sets for Main Row Atoms and their
              Use to approximate Coulomb Potentials            
              K. Eichkorn, F. Weigend, O. Treutler and         
              R. Ahlrichs                                      
              Theo. Chem. Acc. 97: 119 (1997)                   
                                                           
              Accurate Coulomb-fitting basis sets for H to Rn 
              F. Weigend                                        
              Phys. Chem. Chem. Phys. 8: 1057 (2006)            
                                                           
          Multipole accelerated RI-J (MARI-J):             
              Fast evaluation of the Coulomb potential for     
              electron densities using multipole accelerated   
              resolution of identity approximation             
              M. Sierka, A. Hogekamp and R. Ahlrichs           
              J. Chem. Phys. 118: 9136 (2003)                  
          RI-JK Method:                                     
              A fully direct RI-HF algorithm: Implementation,
              optimised auxiliary basis sets, demonstration of
              accuracy and efficiency                         
              F. Weigend                                      
              Phys. Chem. Chem. Phys. 4: 4285 (2002)           
          Two-component HF and DFT with spin-orbit coupling:  
              Self-consistent treatment of spin-orbit         
              interactions with efficient Hartree-Fock and    
              density functional methods                      
              M. K. Armbruster, F. Weigend, C. van WÃ¼llen and 
              W. Klopper                                      
              Phys. Chem. Chem. Phys. 10: 1748 (2008)         
          Relativistic all-electron 2c calculations           
              An efficient implementation of two-component    
              relativistic exact-decoupling methods for large 
              molecules                                       
              D. Peng, N. Middendorf, F. Weigend, M. Reiher   
              J. Chem. Phys. 138, 184105 (2013)               
                                         


 


              +--------------------------------------------------+
              |      general information about current run       |
              +--------------------------------------------------+

 
 exchange:    none
 correlation: Lee-Yang-Parr (LYP)
 A DFT calculation using the RI-J approximation will be carried out.
 Allocatable memory for RI due to $ricore (MB):         500


              +--------------------------------------------------+
              | Atomic coordinate, charge and isotop information |
              +--------------------------------------------------+

                    atomic coordinates            atom    charge  isotop
         -0.09147119   -0.09147119    0.00000000    o      8.000     0
          1.73974595   -0.29395202    0.00000000    h      1.000     0
         -0.29395202    1.73974595    0.00000000    h      1.000     0
 
       center of nuclear mass  :   -0.00034234   -0.00034234    0.00000000
       center of nuclear charge:    0.07140244    0.07140244    0.00000000

              +--------------------------------------------------+
              |               basis set information              |
              +--------------------------------------------------+

              we will work with the 1s 3p 5d 7f 9g ... basis set
              ...i.e. with spherical basis functions...

   type   atoms  prim   cont   basis
   ---------------------------------------------------------------------------
    o        1     28     15   TZ   [6s3p|10s6p]
    h        2      5      3   TZ   [3s|5s]
   ---------------------------------------------------------------------------
   total:    3     38     21
   ---------------------------------------------------------------------------

   total number of primitive shells          :   21
   total number of contracted shells         :   15
   total number of cartesian basis functions :   21
   total number of SCF-basis functions       :   21


 integral neglect threshold       :  0.16E-09
 integral storage threshold THIZE :  0.10E-04
 integral storage threshold THIME :         5

 RI-J AUXILIARY BASIS SET information:

              we will work with the 1s 3p 5d 7f 9g ... basis set
              ...i.e. with spherical basis functions...

   type   atoms  prim   cont   basis
   ---------------------------------------------------------------------------
    o        1     70     49   universal   [6s4p3d1f1g|12s5p4d2f1g]
    h        2     10      9   TZ   [3s2p|4s2p]
   ---------------------------------------------------------------------------
   total:    3     90     67
   ---------------------------------------------------------------------------

   total number of primitive shells          :   30
   total number of contracted shells         :   25
   total number of cartesian basis functions :   79
   total number of SCF-basis functions       :   67


 symmetry group of the molecule :   c1 

 the group has the following generators :
   c1(z)

    1 symmetry operations found

 there are 1 real representations :   a   

 maximum number of shells which are related by symmetry :  1


    mo occupation :
   irrep   mo's   occupied
    a       21        5
 
 number of basis functions   :           21
 number of occupied orbitals :            5
 
  
           ------------------
           density functional
           ------------------
 exchange:    none
 correlation: Lee-Yang-Parr (LYP)
 iterations will be done with small grid
  
 spherical integration : Lebedev's spherical grid
 spherical gridsize    :           3
    i.e. gridpoints    :         302
 value for diffuse not defined
 radial integration    : Chebyshev 2nd kind (scaling 3)
 radial gridsize       :           3
 integration cells     :           3
 partition function    : becke
 partition sharpness   :           3
  

 biggest AO integral is expected to be     9.661418553
  
           ------------------------
               RI-J - INFORMATION
           ------------------------
 Contributions to RI integral batches: 
  neglected integral batches:           0
  direct contribution:                  0
  memory contribution:         120
 Memory core needed for (P|Q) and Cholesky      1 MByte
 Memory core minimum needed except of (P|Q)     1 MByte
 Total minimum memory core needed (sum)         1 MByte
  
 ****************************************
 Memory allocated for RI-J     1 MByte
 ****************************************
                                            

          ------------------------
          nuclear repulsion energy  :   9.03212611655    
          ------------------------

 
          -----------------
          -S,T+V- integrals
          -----------------

 1e-integrals will be neglected if expon. factor < 0.159141E-10
 
   Difference densities algorithm switched on.
   The maximal number of linear combinations of
   difference densities is          20 .

 DIIS switched on: error vector is FDS-SDF
 Max. Iterations for DIIS is     :   4
 DIIS matrix (see manual) 
    Scaling factor of diagonals  :  1.200
    threshold for scaling factor :  0.000

 scf convergence criterion : increment of total energy < .1000000D-06
                  and increment of one-electron energy < .1000000D-03


 <geterg> : there is no data group $energy 

  MOs are in ASCII format !


 automatic virtual orbital shift switched on 
      shift if e(lumo)-e(homo) < 0.10000000    


 reading orbital data $scfmo  from file mos
 orbital characterization : expanded
 mo provided and orthogonalized by Cholesky decomposition

 DSCF restart information will be dumped onto file mos


 Starting SCF iterations

          Overall gridpoints after grid construction =          3530

 ITERATION  ENERGY          1e-ENERGY        2e-ENERGY     NORM[dD(SAO)]  TOL
   1  -67.053466788448    -124.20161345     48.116020546    0.000D+00 0.159D-09
                            Exc =-0.346967139648     Coul =  48.4629876857    
                              N = 10.000089738    
                            current damping = 0.700
 
          max. resid. norm for Fia-block=  1.369D+00 for orbital      1a         
          max. resid. fock norm         =  5.448D+01 for orbital     18a         

 ITERATION  ENERGY          1e-ENERGY        2e-ENERGY     NORM[dD(SAO)]  TOL
   2  -67.733929357002    -118.88443777     42.118382292    0.600D+00 0.113D-09
                            Exc =-0.327897716623     Coul =  42.4462800081    
                              N = 10.000598073    
                            current damping = 0.650
 
          Norm of current diis error: 0.89218    
          max. resid. norm for Fia-block=  2.952D-01 for orbital      1a         
          max. resid. fock norm         =  4.086D-01 for orbital     19a         

 ITERATION  ENERGY          1e-ENERGY        2e-ENERGY     NORM[dD(SAO)]  TOL
   3  -67.788638104036    -118.85485529     42.034091073    0.285D+00 0.860D-10
                            Exc =-0.327370913954     Coul =  42.3614619865    
                              N = 10.000920228    
                            current damping = 0.500
 
          Norm of current diis error: 0.30814    
          max. resid. norm for Fia-block=  1.092D-01 for orbital      1a         
          max. resid. fock norm         =  1.215D-01 for orbital      1a         

 ITERATION  ENERGY          1e-ENERGY        2e-ENERGY     NORM[dD(SAO)]  TOL
   4  -67.798575213249    -118.48091694     41.650215614    0.989D-01 0.706D-10
                            Exc =-0.325826188474     Coul =  41.9760418023    
                              N = 10.001142466    
                            current damping = 0.350
 
          Norm of current diis error: 0.14095    
          max. resid. norm for Fia-block=  3.621D-02 for orbital      1a         
          max. resid. fock norm         =  4.451D-02 for orbital     19a         

 ITERATION  ENERGY          1e-ENERGY        2e-ENERGY     NORM[dD(SAO)]  TOL
   5  -67.799550009993    -118.72047136     41.888795237    0.303D-01 0.654D-10
                            Exc =-0.326663163264     Coul =  42.2154584003    
                              N = 10.001158978    
                            current damping = 0.400
 
          Norm of current diis error: 0.71718E-01
          max. resid. norm for Fia-block=  9.410D-03 for orbital      1a         
          max. resid. fock norm         =  1.053D-02 for orbital      1a         
          mo-orthogonalization: Cholesky decomposition

 ITERATION  ENERGY          1e-ENERGY        2e-ENERGY     NORM[dD(SAO)]  TOL
   6  -67.800019370781    -118.49923986     41.667094372    0.167D-01 0.617D-10
                            Exc =-0.325802337305     Coul =  41.9928967089    
                              N = 10.001217380    
                            current damping = 0.450
 
          Norm of current diis error: 0.31002E-01
          max. resid. norm for Fia-block=  2.531D-03 for orbital      1a         
          max. resid. fock norm         =  4.076D-03 for orbital     17a         

 ITERATION  ENERGY          1e-ENERGY        2e-ENERGY     NORM[dD(SAO)]  TOL
   7  -67.800073583849    -118.54729210     41.715092401    0.305D-02 0.612D-10
                            Exc =-0.325986687152     Coul =  42.0410790883    
                              N = 10.001212002    
                            current damping = 0.500
 
          Norm of current diis error: 0.44945E-02
          max. resid. norm for Fia-block=  7.775D-04 for orbital      1a         
          max. resid. fock norm         =  1.059D-03 for orbital     19a         

 ITERATION  ENERGY          1e-ENERGY        2e-ENERGY     NORM[dD(SAO)]  TOL
   8  -67.800074643660    -118.55262415     41.720423387    0.256D-03 0.603D-10
                            Exc =-0.326004892461     Coul =  42.0464282796    
                              N = 10.001211710    
                            current damping = 0.350
 
          Norm of current diis error: 0.10155E-02
          max. resid. norm for Fia-block=  2.674D-04 for orbital      1a         
          max. resid. fock norm         =  3.179D-04 for orbital     19a         

 ENERGY CONVERGED !

          Overall gridpoints after grid construction =         13728

 ITERATION  ENERGY          1e-ENERGY        2e-ENERGY     NORM[dD(SAO)]  TOL
   9  -67.800061711615    -118.55282845     41.720640619    0.252D-04 0.592D-10
                            Exc =-0.325992404010     Coul =  42.0466330229    
                              N = 10.000004908    
                            current damping = 0.200
 
          Norm of current diis error: 0.36629E-03
          max. resid. norm for Fia-block=  6.648D-05 for orbital      1a         
          max. resid. fock norm         =  8.829D-05 for orbital     19a         

 End of SCF iterations

   convergence criteria satisfied after    9 iterations


                  ------------------------------------------ 
                 |  total energy      =    -67.80006171161  |
                  ------------------------------------------ 
                 :  kinetic energy    =     68.68063128805  :
                 :  potential energy  =   -136.48069299966  :
                 :  virial theorem    =      2.01298774004  :
                 :  wavefunction norm =      1.00000000000  :
                  .......................................... 


 <geterg> : there is no data group $energy 


 <skperg> : $end is missing 


 orbitals $scfmo  will be written to file mos

    irrep                  1a          2a          3a          4a          5a   
 eigenvalues H        -16.74661    -0.56964    -0.16406    -0.00697     0.05244
            eV        -455.7022    -15.5007     -4.4643     -0.1898      1.4270
 occupation              2.0000      2.0000      2.0000      2.0000      2.0000 

    irrep                  6a          7a          8a          9a         10a   
 eigenvalues H          0.13647     0.19942     0.52994     0.57083     0.60230
            eV           3.7135      5.4265     14.4206     15.5333     16.3894
 

    !!!!!!!!!!!!!!!!!!!!!!!!!!!!!!!!!!!!!!!!!!!!!!!!!!!!!!!!!!!!!!!!!!!!!!!
    !                                                                     !
    ! WARNING : ORBITAL ENERGIES SHOULD BE NEGATIVE FOR OCCUPIED ORBITALS !
    !                                                                     !
    !      orbital energy (   0.05244) of occupied MO   5a    is > 0      !
    !!!!!!!!!!!!!!!!!!!!!!!!!!!!!!!!!!!!!!!!!!!!!!!!!!!!!!!!!!!!!!!!!!!!!!!

 
 
 
 ==============================================================================
                           electrostatic moments
 ==============================================================================

 reference point for electrostatic moments:    0.00000   0.00000   0.00000

 
              nuc           elec       ->  total
 ------------------------------------------------------------------------------
                          charge      
 ------------------------------------------------------------------------------
          10.000000     -10.000000       0.000000
 
 ------------------------------------------------------------------------------
                       dipole moment  
 ------------------------------------------------------------------------------
   x       0.714024      -0.129996       0.584028
   y       0.714024      -0.129996       0.584028
   z       0.000000       0.000000       0.000000
 
   | dipole moment | =     0.8259 a.u. =     2.0993 debye 
 
 ------------------------------------------------------------------------------
                     quadrupole moment
 ------------------------------------------------------------------------------
  xx       3.180060      -9.281222      -6.101162
  yy       3.180060      -9.281222      -6.101162
  zz       0.000000      -7.814911      -7.814911
  xy      -0.955868       0.313427      -0.642441
  xz       0.000000       0.000000       0.000000
  yz       0.000000      -0.000000      -0.000000
 
     1/3  trace=      -6.672412
     anisotropy=       2.043313
 
 ==============================================================================
 


    ------------------------------------------------------------------------
         total  cpu-time :   0.16 seconds
         total wall-time :   0.32 seconds
    ------------------------------------------------------------------------

   ****  ridft : all done  ****


    2019-04-02 14:25:06.951 

