TM command: "define" successfully executed
TM command: "kdg" successfully executed
TM command: "kdg" successfully executed
TM command: "ridft" successfully executed
