 Entering Gaussian System
 
 *********************************************
 Gaussian 98:  ??? No! this is from TURBOMOLE
 
 ********************************************* 

 
                         Standard orientation:                        
 ---------------------------------------------------------------------
 Center     Atomic     Atomic              Coordinates (Angstroms)
 Number     Number      Type              X           Y           Z
 ---------------------------------------------------------------------
    1          8             0       -6.316702    0.594450   -2.251197
    2          1             0       -5.355963    0.659342   -2.250570
    3          1             0       -6.626703    1.430528   -2.614572
 ---------------------------------------------------------------------



 Harmonic frequencies (cm**-1), IR intensities (KM/Mole),
 Raman scattering activities (A**4/AMU), Raman depolarization ratios,
 reduced masses (AMU), force constants (mDyne/A) and normal coordinates:
                     1                      2                      3 
                    ?A                     ?A                     ?A                
 Frequencies --     0.0000                 0.0000                 0.0000            
 Red. masses --     1.0440                 6.3500                 5.5400            
 Frc consts  --     0.0000                 0.0000                 0.0000            
 IR Inten    --     0.0000                 0.0000                 0.0000            
 Raman Activ --     0.0000                 0.0000                 0.0000            
 Depolar     --     0.0000                 0.0000                 0.0000            
 Atom AN      X      Y      Z        X      Y      Z        X      Y      Z
   1   8     0.05  -0.00   0.00    -0.01   0.60   0.01     0.55  -0.01   0.00
   2   1     0.04   0.08  -0.91     0.02   0.17  -0.22     0.54   0.11   0.29
   3   1    -0.36  -0.15   0.00     0.28   0.70   0.00     0.56  -0.01   0.00
                     4                      5                      6 
                    ?A                     ?A                     ?A                
 Frequencies --     0.0000                 0.0000                 0.0000            
 Red. masses --     1.0200                12.6270                 1.0190            
 Frc consts  --     0.0000                 0.0000                 0.0000            
 IR Inten    --     0.0000                 0.0000                 0.0000            
 Raman Activ --     0.0000                 0.0000                 0.0000            
 Depolar     --     0.0000                 0.0000                 0.0000            
 Atom AN      X      Y      Z        X      Y      Z        X      Y      Z
   1   8     0.02   0.02  -0.01     0.00   0.02   0.88     0.01  -0.02   0.01
   2   1    -0.04   0.77   0.31     0.01  -0.10   0.15     0.00   0.04  -0.02
   3   1    -0.52  -0.17   0.00    -0.14  -0.42   0.00    -0.08   0.34   0.93
                     7                      8                      9 
                     a                      a                      a                
 Frequencies --  1616.8400              3782.0000              3887.0500            
 Red. masses --     1.0840                 1.0440                 1.0830            
 Frc consts  --     0.0000                 0.0000                 0.0000            
 IR Inten    --    80.5600                 4.2800                43.4600            
 Raman Activ --     0.0000                 0.0000                 0.0000            
 Depolar     --     0.0000                 0.0000                 0.0000            
 Atom AN      X      Y      Z        X      Y      Z        X      Y      Z
   1   8    -0.04  -0.05   0.02     0.03   0.04  -0.02    -0.06   0.04  -0.02
   2   1    -0.04   0.65  -0.28    -0.71  -0.00  -0.02     0.70   0.05   0.00
   3   1     0.66   0.22  -0.08     0.27  -0.60   0.26     0.23  -0.61   0.27
